---
source: ndc-reference/bin/reference/main.rs
expression: response.0
input_file: ndc-reference/tests/query/predicate_with_star_count/request.json
---
[
  {
    "rows": [
      {
        "first_name": "John",
        "last_name": "Hughes"
      }
    ]
  }
]
