---
source: ndc-reference/bin/reference/main.rs
expression: response.0
input_file: ndc-reference/tests/query/column_count/request.json
---
[
  {
    "aggregates": {
      "distinct_author_count": 2,
      "author_count": 3
    }
  }
]
