---
source: ndc-reference/bin/reference/main.rs
expression: response.0
input_file: ndc-reference/tests/query/predicate_with_eq/request.json
---
[
  {
    "rows": [
      {
        "id": 1,
        "title": "The Next 700 Programming Languages"
      }
    ]
  }
]
