---
source: ndc-reference/bin/reference/main.rs
expression: response.0
input_file: ndc-reference/tests/query/group_by_with_star_count/request.json
---
[
  {
    "groups": [
      {
        "dimensions": [
          1
        ],
        "aggregates": {
          "article_count": 1
        }
      },
      {
        "dimensions": [
          2
        ],
        "aggregates": {
          "article_count": 2
        }
      }
    ]
  }
]
