---
source: ndc-reference/bin/reference/main.rs
expression: response.0
input_file: ndc-reference/tests/query/pagination/request.json
---
[
  {
    "rows": [
      {
        "id": 2,
        "title": "Why Functional Programming Matters"
      },
      {
        "id": 3,
        "title": "The Design And Implementation Of Programming Languages"
      }
    ]
  }
]
