---
source: ndc-reference/bin/reference/main.rs
expression: response.0
input_file: ndc-reference/tests/query/predicate_with_exists_and_relationship/request.json
---
[
  {
    "rows": [
      {
        "title": "The Next 700 Programming Languages",
        "author_if_has_functional_articles": {
          "rows": []
        }
      },
      {
        "title": "Why Functional Programming Matters",
        "author_if_has_functional_articles": {
          "rows": [
            {
              "first_name": "John",
              "last_name": "Hughes",
              "articles": {
                "rows": [
                  {
                    "title": "Why Functional Programming Matters"
                  },
                  {
                    "title": "The Design And Implementation Of Programming Languages"
                  }
                ]
              }
            }
          ]
        }
      },
      {
        "title": "The Design And Implementation Of Programming Languages",
        "author_if_has_functional_articles": {
          "rows": [
            {
              "first_name": "John",
              "last_name": "Hughes",
              "articles": {
                "rows": [
                  {
                    "title": "Why Functional Programming Matters"
                  },
                  {
                    "title": "The Design And Implementation Of Programming Languages"
                  }
                ]
              }
            }
          ]
        }
      }
    ]
  }
]
