---
source: ndc-reference/bin/reference/main.rs
expression: response.0
input_file: ndc-reference/tests/query/get_max_article/request.json
---
[
  {
    "rows": [
      {
        "__value": {
          "id": 3,
          "title": "The Design And Implementation Of Programming Languages"
        }
      }
    ]
  }
]
