---
source: ndc-reference/bin/reference/main.rs
expression: response.0
input_file: ndc-reference/tests/query/table_argument_relationship_2/request.json
---
[
  {
    "rows": [
      {
        "first_name": "Peter",
        "last_name": "Landin",
        "articles": {
          "rows": [
            {
              "id": 1,
              "title": "The Next 700 Programming Languages"
            }
          ]
        }
      },
      {
        "first_name": "John",
        "last_name": "Hughes",
        "articles": {
          "rows": [
            {
              "id": 2,
              "title": "Why Functional Programming Matters"
            },
            {
              "id": 3,
              "title": "The Design And Implementation Of Programming Languages"
            }
          ]
        }
      }
    ]
  }
]
