---
source: ndc-reference/bin/reference/main.rs
expression: response.0
input_file: ndc-reference/tests/query/predicate_with_exists_in_nested_scalar_collection/request.json
---
[
  {
    "rows": [
      {
        "id": 1,
        "name": "Queen Mary University of London",
        "location": {
          "campuses": [
            "Mile End",
            "Whitechapel",
            "Charterhouse Square",
            "West Smithfield"
          ]
        }
      },
      {
        "id": 2,
        "name": "Chalmers University of Technology",
        "location": {
          "campuses": [
            "Johanneberg",
            "Lindholmen"
          ]
        }
      }
    ]
  }
]
