---
source: ndc-reference/bin/reference/main.rs
expression: response.0
input_file: ndc-reference/tests/query/order_by_aggregate_function/request.json
---
[
  {
    "rows": [
      {
        "first_name": "Peter",
        "last_name": "Landin",
        "articles_aggregate": {
          "aggregates": {
            "max_id": 1
          }
        }
      },
      {
        "first_name": "John",
        "last_name": "Hughes",
        "articles_aggregate": {
          "aggregates": {
            "max_id": 3
          }
        }
      }
    ]
  }
]
