---
source: ndc-reference/bin/reference/main.rs
expression: response.0
input_file: ndc-reference/tests/query/order_by_relationship/request.json
---
[
  {
    "rows": [
      {
        "id": 2,
        "title": "Why Functional Programming Matters",
        "author": {
          "rows": [
            {
              "first_name": "John",
              "last_name": "Hughes"
            }
          ]
        }
      },
      {
        "id": 3,
        "title": "The Design And Implementation Of Programming Languages",
        "author": {
          "rows": [
            {
              "first_name": "John",
              "last_name": "Hughes"
            }
          ]
        }
      },
      {
        "id": 1,
        "title": "The Next 700 Programming Languages",
        "author": {
          "rows": [
            {
              "first_name": "Peter",
              "last_name": "Landin"
            }
          ]
        }
      }
    ]
  }
]
