---
source: ndc-reference/bin/reference/main.rs
expression: response.0
input_file: ndc-reference/tests/query/predicate_with_like/request.json
---
[
  {
    "rows": [
      {
        "id": 2,
        "title": "Why Functional Programming Matters"
      }
    ]
  }
]
