---
source: ndc-reference/bin/reference/main.rs
expression: response.0
input_file: ndc-reference/tests/query/predicate_with_column_aggregate/request.json
---
[
  {
    "rows": [
      {
        "first_name": "Peter",
        "last_name": "Landin"
      }
    ]
  }
]
