---
source: ndc-reference/bin/reference/main.rs
expression: response.0
input_file: ndc-reference/tests/query/predicate_with_exists_from_nested_field/request.json
---
[
  {
    "rows": [
      {
        "name": "Chalmers University of Technology",
        "location": {
          "country_id": 2,
          "country": {
            "rows": [
              {
                "id": 2,
                "name": "Sweden",
                "area_km2": 450295
              }
            ]
          }
        }
      },
      {
        "name": "Stockholm University",
        "location": {
          "country_id": 2,
          "country": {
            "rows": [
              {
                "id": 2,
                "name": "Sweden",
                "area_km2": 450295
              }
            ]
          }
        }
      }
    ]
  }
]
